02-14 21:56:13 com_github_MitjaNemec_PlaceFootprints.action_place_footprints 674:Plugin executed on: 'linux'
02-14 21:56:13 com_github_MitjaNemec_PlaceFootprints.action_place_footprints 675:Plugin executed with python version: '3.14.2 (main, Jan  2 2026, 14:27:39) [GCC 15.2.1 20251112]'
02-14 21:56:13 com_github_MitjaNemec_PlaceFootprints.action_place_footprints 676:KiCad build version: 9.0.7
02-14 21:56:13 com_github_MitjaNemec_PlaceFootprints.action_place_footprints 677:Plugin version: 4.0.1
02-14 21:56:13 com_github_MitjaNemec_PlaceFootprints.action_place_footprints 678:Frame repr: <wx._core.Frame object at 0x7fee6bbcdf40>
02-14 21:56:13 com_github_MitjaNemec_PlaceFootprints.place_footprints 121:getting a list of all footprints on board
02-14 21:56:13 com_github_MitjaNemec_PlaceFootprints.place_footprints 156:Footprint U9 on root level
02-14 21:56:13 com_github_MitjaNemec_PlaceFootprints.place_footprints 156:Footprint D4 on root level
02-14 21:56:13 com_github_MitjaNemec_PlaceFootprints.place_footprints 156:Footprint R7 on root level
02-14 21:56:13 com_github_MitjaNemec_PlaceFootprints.place_footprints 156:Footprint C1 on root level
02-14 21:56:13 com_github_MitjaNemec_PlaceFootprints.place_footprints 156:Footprint U3 on root level
02-14 21:56:13 com_github_MitjaNemec_PlaceFootprints.place_footprints 156:Footprint C9 on root level
02-14 21:56:13 com_github_MitjaNemec_PlaceFootprints.place_footprints 156:Footprint C5 on root level
02-14 21:56:13 com_github_MitjaNemec_PlaceFootprints.place_footprints 156:Footprint R8 on root level
02-14 21:56:13 com_github_MitjaNemec_PlaceFootprints.place_footprints 156:Footprint D1 on root level
02-14 21:56:13 com_github_MitjaNemec_PlaceFootprints.place_footprints 156:Footprint C6 on root level
02-14 21:56:13 com_github_MitjaNemec_PlaceFootprints.place_footprints 156:Footprint R3 on root level
02-14 21:56:13 com_github_MitjaNemec_PlaceFootprints.place_footprints 156:Footprint C3 on root level
02-14 21:56:13 com_github_MitjaNemec_PlaceFootprints.place_footprints 156:Footprint C4 on root level
02-14 21:56:13 com_github_MitjaNemec_PlaceFootprints.place_footprints 156:Footprint U11 on root level
02-14 21:56:13 com_github_MitjaNemec_PlaceFootprints.place_footprints 156:Footprint D9 on root level
02-14 21:56:13 com_github_MitjaNemec_PlaceFootprints.place_footprints 156:Footprint U7 on root level
02-14 21:56:13 com_github_MitjaNemec_PlaceFootprints.place_footprints 156:Footprint R9 on root level
02-14 21:56:13 com_github_MitjaNemec_PlaceFootprints.place_footprints 156:Footprint U5 on root level
02-14 21:56:13 com_github_MitjaNemec_PlaceFootprints.place_footprints 156:Footprint R4 on root level
02-14 21:56:13 com_github_MitjaNemec_PlaceFootprints.place_footprints 156:Footprint R1 on root level
02-14 21:56:13 com_github_MitjaNemec_PlaceFootprints.place_footprints 156:Footprint R5 on root level
02-14 21:56:13 com_github_MitjaNemec_PlaceFootprints.place_footprints 156:Footprint D6 on root level
02-14 21:56:13 com_github_MitjaNemec_PlaceFootprints.place_footprints 156:Footprint C2 on root level
02-14 21:56:13 com_github_MitjaNemec_PlaceFootprints.place_footprints 156:Footprint U6 on root level
02-14 21:56:13 com_github_MitjaNemec_PlaceFootprints.place_footprints 156:Footprint C8 on root level
02-14 21:56:13 com_github_MitjaNemec_PlaceFootprints.place_footprints 156:Footprint D8 on root level
02-14 21:56:13 com_github_MitjaNemec_PlaceFootprints.place_footprints 156:Footprint U8 on root level
02-14 21:56:13 com_github_MitjaNemec_PlaceFootprints.place_footprints 156:Footprint R6 on root level
02-14 21:56:13 com_github_MitjaNemec_PlaceFootprints.place_footprints 156:Footprint D2 on root level
02-14 21:56:13 com_github_MitjaNemec_PlaceFootprints.place_footprints 156:Footprint R2 on root level
02-14 21:56:13 com_github_MitjaNemec_PlaceFootprints.place_footprints 156:Footprint D7 on root level
02-14 21:56:13 com_github_MitjaNemec_PlaceFootprints.place_footprints 156:Footprint D3 on root level
02-14 21:56:13 com_github_MitjaNemec_PlaceFootprints.place_footprints 156:Footprint U4 on root level
02-14 21:56:13 com_github_MitjaNemec_PlaceFootprints.place_footprints 156:Footprint U10 on root level
02-14 21:56:13 com_github_MitjaNemec_PlaceFootprints.place_footprints 156:Footprint D5 on root level
02-14 21:56:13 com_github_MitjaNemec_PlaceFootprints.place_footprints 156:Footprint C7 on root level
02-14 21:56:13 com_github_MitjaNemec_PlaceFootprints.place_footprints 156:Footprint R10 on root level
02-14 21:56:13 com_github_MitjaNemec_PlaceFootprints.place_footprints 156:Footprint U1 on root level
02-14 21:56:13 com_github_MitjaNemec_PlaceFootprints.place_footprints 156:Footprint D10 on root level
02-14 21:56:13 com_github_MitjaNemec_PlaceFootprints.place_footprints 156:Footprint U2 on root level
02-14 21:56:13 com_github_MitjaNemec_PlaceFootprints.action_place_footprints 717:Reference footprint='C1'
02-14 21:56:14 com_github_MitjaNemec_PlaceFootprints.action_place_footprints 858:Reference designator is: C
02-14 21:56:14 com_github_MitjaNemec_PlaceFootprints.action_place_footprints 859:Reference number is: 1
02-14 21:56:14 com_github_MitjaNemec_PlaceFootprints.action_place_footprints 891:Sorted and filtered list:
['C1', 'C2', 'C3', 'C4', 'C5', 'C6', 'C7', 'C8', 'C9']
02-14 21:56:14 com_github_MitjaNemec_PlaceFootprints.action_place_footprints 376:wx.Colour(239, 240, 241, 255)
02-14 21:56:17 com_github_MitjaNemec_PlaceFootprints.action_place_footprints 507:'25.4'
02-14 21:56:17 com_github_MitjaNemec_PlaceFootprints.action_place_footprints 566:Preparing config for reference matrix
02-14 21:56:17 com_github_MitjaNemec_PlaceFootprints.action_place_footprints 573:Saving config file
02-14 21:56:17 com_github_MitjaNemec_PlaceFootprints.action_place_footprints 575:Saved the config file
02-14 21:56:17 com_github_MitjaNemec_PlaceFootprints.action_place_footprints 929:Footprints to place:
['C1', 'C2', 'C3', 'C4', 'C5', 'C6', 'C7', 'C8', 'C9']
02-14 21:56:17 com_github_MitjaNemec_PlaceFootprints.place_footprints 427:Starting placing with matrix layout
02-14 21:56:17 com_github_MitjaNemec_PlaceFootprints.action_place_footprints 999:Placing complete
